{"name":"Unexpect the expected","scoreData":{"2020-09-30":{"id":76561199062227040,"name":"Unexpect the expected","score":25200,"level":3,"character":2,"platform":18,"runframes":12273,"runend":1020,"unknown1":4294966274,"unknown2":973,"rank":2393,"percentile":69.03158984981874}},"tenDayPercentiles":[],"tenDayDecayingPercentileScore":0,"scoresByDay":[],"rankSummary":{"mean":2393,"median":2393,"max":2393,"min":2393},"percentileSummary":{"mean":69.03158984981874,"median":69.03158984981874,"max":69.03158984981874,"min":69.03158984981874}}